../Core/Src/main.c:60:1:__io_putchar	1
../Core/Src/main.c:90:6:HAL_GPIO_EXTI_Callback	3
../Core/Src/main.c:110:5:main	6
../Core/Src/main.c:262:6:SystemClock_Config	4
../Core/Src/main.c:315:13:MX_SPI1_Init	2
../Core/Src/main.c:353:13:MX_TIM1_Init	4
../Core/Src/main.c:399:13:MX_USART2_UART_Init	2
../Core/Src/main.c:432:13:MX_GPIO_Init	1
../Core/Src/main.c:506:9:si4463_SPI_Write	1
../Core/Src/main.c:511:9:si4463_SPI_Read	1
../Core/Src/main.c:516:9:si4463_SPI_WriteRead	1
../Core/Src/main.c:521:9:si4463_SPI_CheckState	1
../Core/Src/main.c:526:6:si4463_DelayUs	2
../Core/Src/main.c:532:6:si4463_setNSEL	2
../Core/Src/main.c:540:6:si4463_setSDN	2
../Core/Src/main.c:548:6:si4463_getIRQ	1
../Core/Src/main.c:553:6:si4463_getGPIO1	1
../Core/Src/main.c:563:6:Error_Handler	1
