../Core/Src/main.c:91:1:__io_putchar	1
../Core/Src/main.c:155:6:HAL_UART_RxCpltCallback	20
../Core/Src/main.c:248:6:HAL_GPIO_EXTI_Callback	3
../Core/Src/main.c:268:5:main	89
../Core/Src/main.c:868:6:SystemClock_Config	4
../Core/Src/main.c:921:13:MX_SPI1_Init	2
../Core/Src/main.c:959:13:MX_TIM1_Init	4
../Core/Src/main.c:1005:13:MX_TIM2_Init	4
../Core/Src/main.c:1050:13:MX_USART2_UART_Init	2
../Core/Src/main.c:1083:13:MX_GPIO_Init	1
../Core/Src/main.c:1167:9:si4463_SPI_Write	1
../Core/Src/main.c:1172:9:si4463_SPI_Read	1
../Core/Src/main.c:1177:9:si4463_SPI_WriteRead	1
../Core/Src/main.c:1182:9:si4463_SPI_CheckState	1
../Core/Src/main.c:1187:6:si4463_DelayUs	2
../Core/Src/main.c:1193:6:si4463_setNSEL	2
../Core/Src/main.c:1201:6:si4463_setSDN	2
../Core/Src/main.c:1209:6:si4463_setOOK	2
../Core/Src/main.c:1217:6:si4463_getIRQ	1
../Core/Src/main.c:1222:6:si4463_getGPIO1	1
../Core/Src/main.c:1227:6:si4463MenuDisplay	1
../Core/Src/main.c:1260:6:initHashTable	1
../Core/Src/main.c:1299:6:morse_resetToNow	1
../Core/Src/main.c:1304:10:morse_millisecondsElapsed	2
../Core/Src/main.c:1318:10:morse_secondsElapsed	1
../Core/Src/main.c:1329:6:Error_Handler	1
