../HashTable/src/HashTable.c:33:10:HT_createItem	32	static
../HashTable/src/HashTable.c:43:13:HT_createTable	24	static
../HashTable/src/HashTable.c:57:6:ht_freeItem	16	static
../HashTable/src/HashTable.c:63:6:HT_freeTable	24	static
../HashTable/src/HashTable.c:76:6:HT_print	24	static
../HashTable/src/HashTable.c:103:6:HT_insertItem	40	static
../HashTable/src/HashTable.c:124:6:HT_deleteItem	24	static
../HashTable/src/HashTable.c:137:5:HT_searchKey	24	static
../HashTable/src/HashTable.c:157:16:linkedlist_allocate	8	static
../HashTable/src/HashTable.c:162:6:linkedlist_insert	24	static
../HashTable/src/HashTable.c:175:6:linkedlist_delete	40	static
../HashTable/src/HashTable.c:226:6:linkedlist_free	24	static
../HashTable/src/HashTable.c:240:10:ht_hashFunction	24	static
